###############################################################################
#
# IAR ELF Linker V8.32.3.193/W32 for ARM                  03/Nov/2019  17:52:54
# Copyright 2007-2019 IAR Systems AB.
#
#    Output file  =  
#        Z:\Vmware_share\EUROBOT 2020\BLACK_R\EWARM\BLACK_R\Exe\BLACK_R.out
#    Map file     =  
#        Z:\Vmware_share\EUROBOT 2020\BLACK_R\EWARM\BLACK_R\List\BLACK_R.map
#    Command line =  
#        -f C:\Users\MASTOU~1\AppData\Local\Temp\EW8FE2.tmp
#        ("Z:\Vmware_share\EUROBOT 2020\BLACK_R\EWARM\BLACK_R\Obj\cmsis_os.o"
#        "Z:\Vmware_share\EUROBOT 2020\BLACK_R\EWARM\BLACK_R\Obj\croutine.o"
#        "Z:\Vmware_share\EUROBOT
#        2020\BLACK_R\EWARM\BLACK_R\Obj\event_groups.o"
#        "Z:\Vmware_share\EUROBOT 2020\BLACK_R\EWARM\BLACK_R\Obj\freertos.o"
#        "Z:\Vmware_share\EUROBOT 2020\BLACK_R\EWARM\BLACK_R\Obj\heap_4.o"
#        "Z:\Vmware_share\EUROBOT 2020\BLACK_R\EWARM\BLACK_R\Obj\list.o"
#        "Z:\Vmware_share\EUROBOT 2020\BLACK_R\EWARM\BLACK_R\Obj\main.o"
#        "Z:\Vmware_share\EUROBOT 2020\BLACK_R\EWARM\BLACK_R\Obj\port.o"
#        "Z:\Vmware_share\EUROBOT 2020\BLACK_R\EWARM\BLACK_R\Obj\portasm.o"
#        "Z:\Vmware_share\EUROBOT 2020\BLACK_R\EWARM\BLACK_R\Obj\queue.o"
#        "Z:\Vmware_share\EUROBOT 2020\BLACK_R\EWARM\BLACK_R\Obj\RSP_RCC.o"
#        "Z:\Vmware_share\EUROBOT
#        2020\BLACK_R\EWARM\BLACK_R\Obj\startup_stm32f429xx.o"
#        "Z:\Vmware_share\EUROBOT
#        2020\BLACK_R\EWARM\BLACK_R\Obj\stm32f4xx_hal.o"
#        "Z:\Vmware_share\EUROBOT
#        2020\BLACK_R\EWARM\BLACK_R\Obj\stm32f4xx_hal_cortex.o"
#        "Z:\Vmware_share\EUROBOT
#        2020\BLACK_R\EWARM\BLACK_R\Obj\stm32f4xx_hal_dma.o"
#        "Z:\Vmware_share\EUROBOT
#        2020\BLACK_R\EWARM\BLACK_R\Obj\stm32f4xx_hal_dma_ex.o"
#        "Z:\Vmware_share\EUROBOT
#        2020\BLACK_R\EWARM\BLACK_R\Obj\stm32f4xx_hal_flash.o"
#        "Z:\Vmware_share\EUROBOT
#        2020\BLACK_R\EWARM\BLACK_R\Obj\stm32f4xx_hal_flash_ex.o"
#        "Z:\Vmware_share\EUROBOT
#        2020\BLACK_R\EWARM\BLACK_R\Obj\stm32f4xx_hal_flash_ramfunc.o"
#        "Z:\Vmware_share\EUROBOT
#        2020\BLACK_R\EWARM\BLACK_R\Obj\stm32f4xx_hal_gpio.o"
#        "Z:\Vmware_share\EUROBOT
#        2020\BLACK_R\EWARM\BLACK_R\Obj\stm32f4xx_hal_msp.o"
#        "Z:\Vmware_share\EUROBOT
#        2020\BLACK_R\EWARM\BLACK_R\Obj\stm32f4xx_hal_pwr.o"
#        "Z:\Vmware_share\EUROBOT
#        2020\BLACK_R\EWARM\BLACK_R\Obj\stm32f4xx_hal_pwr_ex.o"
#        "Z:\Vmware_share\EUROBOT
#        2020\BLACK_R\EWARM\BLACK_R\Obj\stm32f4xx_hal_rcc.o"
#        "Z:\Vmware_share\EUROBOT
#        2020\BLACK_R\EWARM\BLACK_R\Obj\stm32f4xx_hal_rcc_ex.o"
#        "Z:\Vmware_share\EUROBOT
#        2020\BLACK_R\EWARM\BLACK_R\Obj\stm32f4xx_hal_tim.o"
#        "Z:\Vmware_share\EUROBOT
#        2020\BLACK_R\EWARM\BLACK_R\Obj\stm32f4xx_hal_tim_ex.o"
#        "Z:\Vmware_share\EUROBOT
#        2020\BLACK_R\EWARM\BLACK_R\Obj\stm32f4xx_hal_timebase_TIM.o"
#        "Z:\Vmware_share\EUROBOT
#        2020\BLACK_R\EWARM\BLACK_R\Obj\stm32f4xx_it.o"
#        "Z:\Vmware_share\EUROBOT
#        2020\BLACK_R\EWARM\BLACK_R\Obj\system_stm32f4xx.o"
#        "Z:\Vmware_share\EUROBOT 2020\BLACK_R\EWARM\BLACK_R\Obj\tasks.o"
#        "Z:\Vmware_share\EUROBOT 2020\BLACK_R\EWARM\BLACK_R\Obj\timers.o"
#        --redirect _Printf=_PrintfFull --redirect _Scanf=_ScanfFull
#        --no_out_extension -o "Z:\Vmware_share\EUROBOT
#        2020\BLACK_R\EWARM\BLACK_R\Exe\BLACK_R.out" --map
#        "Z:\Vmware_share\EUROBOT 2020\BLACK_R\EWARM\BLACK_R\List\BLACK_R.map"
#        --config "Z:\Vmware_share\EUROBOT
#        2020\BLACK_R\EWARM/stm32f429xx_flash.icf" --semihosting --entry
#        __iar_program_start --vfe --text_out locale)
#
###############################################################################

*******************************************************************************
*** RUNTIME MODEL ATTRIBUTES
***

CppFlavor       = *
__SystemLibrary = DLib
__dlib_version  = 6


*******************************************************************************
*** HEAP SELECTION
***

The basic heap was selected because no calls to memory allocation
functions were found in the application outside of system library
functions, and there are calls to deallocation functions in the
application.


*******************************************************************************
*** PLACEMENT SUMMARY
***

"A0":  place at 0x800'0000 { ro section .intvec };
"P1":  place in [from 0x800'0000 to 0x81f'ffff] { ro };
define block CSTACK with size = 1K, alignment = 8 { };
define block HEAP with size = 512, alignment = 8 { };
"P2":  place in [from 0x2000'0000 to 0x2002'ffff] {
          rw, block CSTACK, block HEAP };
initialize by copy { rw };

  Section            Kind         Address    Size  Object
  -------            ----         -------    ----  ------
"A0":                                       0x1ac
  .intvec            ro code   0x800'0000   0x1ac  startup_stm32f429xx.o [1]
                             - 0x800'01ac   0x1ac

"P1":                                      0x11b8
  .text              ro code   0x800'01ac   0x2f8  stm32f4xx_hal_rcc.o [1]
  .text              ro code   0x800'04a4     0xc  stm32f4xx_hal.o [1]
  .text              ro code   0x800'04b0   0x25a  stm32f4xx_hal_tim.o [1]
  .text              ro code   0x800'070a     0x2  stm32f4xx_hal_tim.o [1]
  .text              ro code   0x800'070c     0x2  stm32f4xx_hal_tim.o [1]
  .text              ro code   0x800'070e    0x3a  zero_init3.o [4]
  .text              ro code   0x800'0748    0x22  main.o [1]
  .text              ro code   0x800'076a     0x2  stm32f4xx_hal_tim_ex.o [1]
  .text              ro code   0x800'076c     0x2  stm32f4xx_hal_tim.o [1]
  .text              ro code   0x800'076e     0x2  stm32f4xx_hal_tim_ex.o [1]
  .text              ro code   0x800'0770     0x2  stm32f4xx_hal_tim.o [1]
  .text              ro code   0x800'0774    0x34  stm32f4xx_hal.o [1]
  .text              ro code   0x800'07a8    0xd4  RSP_RCC.o [1]
  .text              ro code   0x800'087c    0x10  stm32f4xx_hal.o [1]
  .text              ro code   0x800'088c    0xdc  stm32f4xx_hal_cortex.o [1]
  .text              ro code   0x800'0968    0x7c  stm32f4xx_hal_timebase_TIM.o [1]
  .text              ro code   0x800'09e4    0x60  stm32f4xx_hal_msp.o [1]
  .text              ro code   0x800'0a44    0x78  stm32f4xx_hal_pwr_ex.o [1]
  .text              ro code   0x800'0abc   0x1d4  stm32f4xx_hal_rcc.o [1]
  .text              ro code   0x800'0c90   0x106  I64DivMod_small.o [4]
  .text              ro code   0x800'0d98     0x2  I64DivZer.o [4]
  .text              ro code   0x800'0d9c   0x164  tasks.o [1]
  .text              ro code   0x800'0f00    0x3e  list.o [1]
  CODE               ro code   0x800'0f40    0xa8  portasm.o [1]
  .text              ro code   0x800'0fe8    0x60  system_stm32f4xx.o [1]
  .rodata            const     0x800'1048    0x40  RSP_RCC.o [1]
  .text              ro code   0x800'1088    0x30  port.o [1]
  .text              ro code   0x800'10b8    0x2c  copy_init3.o [4]
  .text              ro code   0x800'10e4    0x28  data_init.o [4]
  .text              ro code   0x800'110c    0x22  fpinit_M.o [3]
  .iar.init_table    const     0x800'1130    0x24  - Linker created -
  .text              ro code   0x800'1154    0x1e  cmain.o [4]
  .text              ro code   0x800'1172     0x4  low_level_init.o [2]
  .text              ro code   0x800'1176     0x4  exit.o [2]
  .text              ro code   0x800'117c     0xa  cexit.o [4]
  .text              ro code   0x800'1188    0x14  exit.o [5]
  .text              ro code   0x800'119c    0x1c  stm32f4xx_it.o [1]
  .text              ro code   0x800'11b8    0x14  cmsis_os.o [1]
  .text              ro code   0x800'11cc    0x10  startup_stm32f429xx.o [1]
  Initializer bytes  const     0x800'11dc    0x10  <for P2-1>
  .text              ro code   0x800'11ec     0xc  cstartup_M.o [4]
  .rodata            const     0x800'11f8     0x8  system_stm32f4xx.o [1]
  .text              ro code   0x800'1200     0x4  startup_stm32f429xx.o [1]
  .text              ro code   0x800'1204     0x4  startup_stm32f429xx.o [1]
  .text              ro code   0x800'1208     0x4  startup_stm32f429xx.o [1]
  .text              ro code   0x800'120c     0x4  startup_stm32f429xx.o [1]
  .text              ro code   0x800'1210     0x4  startup_stm32f429xx.o [1]
  .text              ro code   0x800'1214     0x4  startup_stm32f429xx.o [1]
  .text              ro code   0x800'1218     0x4  startup_stm32f429xx.o [1]
  .text              ro code   0x800'121c     0x4  startup_stm32f429xx.o [1]
  .text              ro code   0x800'1220     0x4  startup_stm32f429xx.o [1]
  .text              ro code   0x800'1224     0x4  startup_stm32f429xx.o [1]
  .text              ro code   0x800'1228     0x4  startup_stm32f429xx.o [1]
  .text              ro code   0x800'122c     0x4  startup_stm32f429xx.o [1]
  .text              ro code   0x800'1230     0x4  startup_stm32f429xx.o [1]
  .text              ro code   0x800'1234     0x4  startup_stm32f429xx.o [1]
  .text              ro code   0x800'1238     0x4  startup_stm32f429xx.o [1]
  .text              ro code   0x800'123c     0x4  startup_stm32f429xx.o [1]
  .text              ro code   0x800'1240     0x4  startup_stm32f429xx.o [1]
  .text              ro code   0x800'1244     0x4  startup_stm32f429xx.o [1]
  .text              ro code   0x800'1248     0x4  startup_stm32f429xx.o [1]
  .text              ro code   0x800'124c     0x4  startup_stm32f429xx.o [1]
  .text              ro code   0x800'1250     0x4  startup_stm32f429xx.o [1]
  .text              ro code   0x800'1254     0x4  startup_stm32f429xx.o [1]
  .text              ro code   0x800'1258     0x4  startup_stm32f429xx.o [1]
  .text              ro code   0x800'125c     0x4  startup_stm32f429xx.o [1]
  .text              ro code   0x800'1260     0x4  startup_stm32f429xx.o [1]
  .text              ro code   0x800'1264     0x4  startup_stm32f429xx.o [1]
  .text              ro code   0x800'1268     0x4  startup_stm32f429xx.o [1]
  .text              ro code   0x800'126c     0x4  startup_stm32f429xx.o [1]
  .text              ro code   0x800'1270     0x4  startup_stm32f429xx.o [1]
  .text              ro code   0x800'1274     0x4  startup_stm32f429xx.o [1]
  .text              ro code   0x800'1278     0x4  startup_stm32f429xx.o [1]
  .text              ro code   0x800'127c     0x4  startup_stm32f429xx.o [1]
  .text              ro code   0x800'1280     0x4  startup_stm32f429xx.o [1]
  .text              ro code   0x800'1284     0x4  startup_stm32f429xx.o [1]
  .text              ro code   0x800'1288     0x4  startup_stm32f429xx.o [1]
  .text              ro code   0x800'128c     0x4  startup_stm32f429xx.o [1]
  .text              ro code   0x800'1290     0x4  startup_stm32f429xx.o [1]
  .text              ro code   0x800'1294     0x4  startup_stm32f429xx.o [1]
  .text              ro code   0x800'1298     0x4  startup_stm32f429xx.o [1]
  .text              ro code   0x800'129c     0x4  startup_stm32f429xx.o [1]
  .text              ro code   0x800'12a0     0x4  startup_stm32f429xx.o [1]
  .text              ro code   0x800'12a4     0x4  startup_stm32f429xx.o [1]
  .text              ro code   0x800'12a8     0x4  startup_stm32f429xx.o [1]
  .text              ro code   0x800'12ac     0x4  startup_stm32f429xx.o [1]
  .text              ro code   0x800'12b0     0x4  startup_stm32f429xx.o [1]
  .text              ro code   0x800'12b4     0x4  startup_stm32f429xx.o [1]
  .text              ro code   0x800'12b8     0x4  startup_stm32f429xx.o [1]
  .text              ro code   0x800'12bc     0x4  startup_stm32f429xx.o [1]
  .text              ro code   0x800'12c0     0x4  startup_stm32f429xx.o [1]
  .text              ro code   0x800'12c4     0x4  startup_stm32f429xx.o [1]
  .text              ro code   0x800'12c8     0x4  startup_stm32f429xx.o [1]
  .text              ro code   0x800'12cc     0x4  startup_stm32f429xx.o [1]
  .text              ro code   0x800'12d0     0x4  startup_stm32f429xx.o [1]
  .text              ro code   0x800'12d4     0x4  startup_stm32f429xx.o [1]
  .text              ro code   0x800'12d8     0x4  startup_stm32f429xx.o [1]
  .text              ro code   0x800'12dc     0x4  startup_stm32f429xx.o [1]
  .text              ro code   0x800'12e0     0x4  startup_stm32f429xx.o [1]
  .text              ro code   0x800'12e4     0x4  startup_stm32f429xx.o [1]
  .text              ro code   0x800'12e8     0x4  startup_stm32f429xx.o [1]
  .text              ro code   0x800'12ec     0x4  startup_stm32f429xx.o [1]
  .text              ro code   0x800'12f0     0x4  startup_stm32f429xx.o [1]
  .text              ro code   0x800'12f4     0x4  startup_stm32f429xx.o [1]
  .text              ro code   0x800'12f8     0x4  startup_stm32f429xx.o [1]
  .text              ro code   0x800'12fc     0x4  startup_stm32f429xx.o [1]
  .text              ro code   0x800'1300     0x4  startup_stm32f429xx.o [1]
  .text              ro code   0x800'1304     0x4  startup_stm32f429xx.o [1]
  .text              ro code   0x800'1308     0x4  startup_stm32f429xx.o [1]
  .text              ro code   0x800'130c     0x4  startup_stm32f429xx.o [1]
  .text              ro code   0x800'1310     0x4  startup_stm32f429xx.o [1]
  .text              ro code   0x800'1314     0x4  startup_stm32f429xx.o [1]
  .text              ro code   0x800'1318     0x4  startup_stm32f429xx.o [1]
  .text              ro code   0x800'131c     0x4  startup_stm32f429xx.o [1]
  .text              ro code   0x800'1320     0x4  startup_stm32f429xx.o [1]
  .text              ro code   0x800'1324     0x4  startup_stm32f429xx.o [1]
  .text              ro code   0x800'1328     0x4  startup_stm32f429xx.o [1]
  .text              ro code   0x800'132c     0x4  startup_stm32f429xx.o [1]
  .text              ro code   0x800'1330     0x4  startup_stm32f429xx.o [1]
  .text              ro code   0x800'1334     0x4  startup_stm32f429xx.o [1]
  .text              ro code   0x800'1338     0x4  startup_stm32f429xx.o [1]
  .text              ro code   0x800'133c     0x4  startup_stm32f429xx.o [1]
  .text              ro code   0x800'1340     0x4  startup_stm32f429xx.o [1]
  .text              ro code   0x800'1344     0x4  startup_stm32f429xx.o [1]
  .text              ro code   0x800'1348     0x4  startup_stm32f429xx.o [1]
  .text              ro code   0x800'134c     0x4  startup_stm32f429xx.o [1]
  .text              ro code   0x800'1350     0x4  startup_stm32f429xx.o [1]
  .text              ro code   0x800'1354     0x4  startup_stm32f429xx.o [1]
  .text              ro code   0x800'1358     0x4  startup_stm32f429xx.o [1]
  .text              ro code   0x800'135c     0x4  startup_stm32f429xx.o [1]
  .text              ro code   0x800'1360     0x4  startup_stm32f429xx.o [1]
  .rodata            const     0x800'1364     0x0  zero_init3.o [4]
  .rodata            const     0x800'1364     0x0  copy_init3.o [4]
                             - 0x800'1364  0x11b8

"P2", part 1 of 3:                           0x10
  P2-1                        0x2000'0000    0x10  <Init block>
    .data            inited   0x2000'0000     0xc  stm32f4xx_hal.o [1]
    .data            inited   0x2000'000c     0x4  system_stm32f4xx.o [1]
                            - 0x2000'0010    0x10

"P2", part 2 of 3:                          0x168
  .bss               zero     0x2000'0010    0xa0  tasks.o [1]
  .bss               zero     0x2000'00b0    0x8c  tasks.o [1]
  .bss               zero     0x2000'013c    0x3c  stm32f4xx_hal_timebase_TIM.o [1]
                            - 0x2000'0178   0x168

"P2", part 3 of 3:                          0x400
  CSTACK                      0x2000'0178   0x400  <Block>
    CSTACK           uninit   0x2000'0178   0x400  <Block tail>
                            - 0x2000'0578   0x400

Unused ranges:

         From           To       Size
         ----           --       ----
   0x800'1364   0x81f'ffff  0x1f'ec9c
  0x2000'0578  0x2002'ffff   0x2'fa88


*******************************************************************************
*** INIT TABLE
***

          Address      Size
          -------      ----
Zero (__iar_zero_init3)
    1 destination range, total size 0x168:
          0x2000'0010  0x168

Copy (__iar_copy_init3)
    1 source range, total size 0x10:
           0x800'11dc   0x10
    1 destination range, total size 0x10:
          0x2000'0000   0x10



*******************************************************************************
*** MODULE SUMMARY
***

    Module                        ro code  ro data  rw data
    ------                        -------  -------  -------
command line/config:
    -------------------------------------------------------
    Total:

Z:\Vmware_share\EUROBOT 2020\BLACK_R\EWARM\BLACK_R\Obj: [1]
    RSP_RCC.o                         212       64
    cmsis_os.o                         20
    list.o                             62
    main.o                             34
    port.o                             48
    portasm.o                         168
    startup_stm32f429xx.o             800
    stm32f4xx_hal.o                    80       12       12
    stm32f4xx_hal_cortex.o            220
    stm32f4xx_hal_msp.o                96
    stm32f4xx_hal_pwr_ex.o            120
    stm32f4xx_hal_rcc.o             1 228
    stm32f4xx_hal_tim.o               610
    stm32f4xx_hal_tim_ex.o              4
    stm32f4xx_hal_timebase_TIM.o      124                60
    stm32f4xx_it.o                     28
    system_stm32f4xx.o                 96       12        4
    tasks.o                           356               300
    -------------------------------------------------------
    Total:                          4 306       88      376

dl7M_tlf.a: [2]
    exit.o                              4
    low_level_init.o                    4
    -------------------------------------------------------
    Total:                              8

m7M_tls.a: [3]
    fpinit_M.o                         34
    -------------------------------------------------------
    Total:                             34

rt7M_tl.a: [4]
    I64DivMod_small.o                 262
    I64DivZer.o                         2
    cexit.o                            10
    cmain.o                            30
    copy_init3.o                       44
    cstartup_M.o                       12
    data_init.o                        40
    zero_init3.o                       58
    -------------------------------------------------------
    Total:                            458

shb_l.a: [5]
    exit.o                             20
    -------------------------------------------------------
    Total:                             20

    Gaps                               12        2
    Linker created                              36    1 024
-----------------------------------------------------------
    Grand Total:                    4 838      126    1 400


*******************************************************************************
*** ENTRY LIST
***

Entry                       Address   Size  Type      Object
-----                       -------   ----  ----      ------
.iar.init_table$$Base    0x800'1130          --   Gb  - Linker created -
.iar.init_table$$Limit   0x800'1154          --   Gb  - Linker created -
?main                    0x800'1155         Code  Gb  cmain.o [4]
AHBPrescTable            0x800'1038   0x10  Data  Gb  system_stm32f4xx.o [1]
APBPrescTable            0x800'11f8    0x8  Data  Gb  system_stm32f4xx.o [1]
BusFault_Handler         0x800'11a3    0x2  Code  Gb  stm32f4xx_it.o [1]
CSTACK$$Base            0x2000'0178          --   Gb  - Linker created -
CSTACK$$Limit           0x2000'0578          --   Gb  - Linker created -
DebugMon_Handler         0x800'11a7    0x2  Code  Gb  stm32f4xx_it.o [1]
HAL_GetTick              0x800'04a5    0xc  Code  Wk  stm32f4xx_hal.o [1]
HAL_IncTick              0x800'087d   0x10  Code  Wk  stm32f4xx_hal.o [1]
HAL_Init                 0x800'0775   0x30  Code  Gb  stm32f4xx_hal.o [1]
HAL_InitTick             0x800'0969   0x6c  Code  Gb  stm32f4xx_hal_timebase_TIM.o [1]
HAL_MspInit              0x800'09e5   0x60  Code  Gb  stm32f4xx_hal_msp.o [1]
HAL_NVIC_EnableIRQ       0x800'08fb    0xa  Code  Gb  stm32f4xx_hal_cortex.o [1]
HAL_NVIC_SetPriority     0x800'08c1   0x3a  Code  Gb  stm32f4xx_hal_cortex.o [1]
HAL_NVIC_SetPriorityGrouping
                         0x800'08a7   0x1a  Code  Gb  stm32f4xx_hal_cortex.o [1]
HAL_PWREx_EnableOverDrive
                         0x800'0a45   0x48  Code  Gb  stm32f4xx_hal_pwr_ex.o [1]
HAL_RCC_ClockConfig      0x800'0abd   0xfe  Code  Gb  stm32f4xx_hal_rcc.o [1]
HAL_RCC_GetClockConfig   0x800'0be3   0x36  Code  Gb  stm32f4xx_hal_rcc.o [1]
HAL_RCC_GetHCLKFreq      0x800'0bc7    0x6  Code  Gb  stm32f4xx_hal_rcc.o [1]
HAL_RCC_GetPCLK1Freq     0x800'0bcd   0x10  Code  Gb  stm32f4xx_hal_rcc.o [1]
HAL_RCC_OscConfig        0x800'01ad  0x2f8  Code  Wk  stm32f4xx_hal_rcc.o [1]
HAL_SYSTICK_CLKSourceConfig
                         0x800'0937   0x1a  Code  Gb  stm32f4xx_hal_cortex.o [1]
HAL_SYSTICK_Config       0x800'090f   0x28  Code  Gb  stm32f4xx_hal_cortex.o [1]
HAL_TIMEx_BreakCallback
                         0x800'076b    0x2  Code  Wk  stm32f4xx_hal_tim_ex.o [1]
HAL_TIMEx_CommutationCallback
                         0x800'076f    0x2  Code  Wk  stm32f4xx_hal_tim_ex.o [1]
HAL_TIM_Base_Init        0x800'04b1   0x1a  Code  Gb  stm32f4xx_hal_tim.o [1]
HAL_TIM_Base_Start_IT    0x800'04cb   0x16  Code  Gb  stm32f4xx_hal_tim.o [1]
HAL_TIM_IRQHandler       0x800'0505  0x142  Code  Gb  stm32f4xx_hal_tim.o [1]
HAL_TIM_PeriodElapsedCallback
                         0x800'0755    0xe  Code  Gb  main.o [1]
HardFault_Handler        0x800'119f    0x2  Code  Gb  stm32f4xx_it.o [1]
MemManage_Handler        0x800'11a1    0x2  Code  Gb  stm32f4xx_it.o [1]
NMI_Handler              0x800'119d    0x2  Code  Gb  stm32f4xx_it.o [1]
NVIC_SetPriority         0x800'088d   0x1a  Code  Lc  stm32f4xx_hal_cortex.o [1]
PendSV_Handler           0x800'0f41         Code  Gb  portasm.o [1]
RSP_RCC_Initialization   0x800'07a9   0xd4  Code  Gb  RSP_RCC.o [1]
Region$$Table$$Base      0x800'1130          --   Gb  - Linker created -
Region$$Table$$Limit     0x800'1154          --   Gb  - Linker created -
SVC_Handler              0x800'0f99         Code  Gb  portasm.o [1]
SysTick_Handler          0x800'11a9    0x4  Code  Gb  stm32f4xx_it.o [1]
SystemCoreClock         0x2000'000c    0x4  Data  Gb  system_stm32f4xx.o [1]
SystemInit               0x800'0fe9   0x3a  Code  Gb  system_stm32f4xx.o [1]
TIM6_DAC_IRQHandler      0x800'11ad    0x6  Code  Gb  stm32f4xx_it.o [1]
TIM_Base_SetConfig       0x800'064d   0x8e  Code  Gb  stm32f4xx_hal_tim.o [1]
UsageFault_Handler       0x800'11a5    0x2  Code  Gb  stm32f4xx_it.o [1]
_Error_Handler           0x800'0769    0x2  Code  Gb  main.o [1]
__aeabi_ldiv0            0x800'0d99         Code  Gb  I64DivZer.o [4]
__cmain                  0x800'1155         Code  Gb  cmain.o [4]
__exit                   0x800'1189   0x14  Code  Gb  exit.o [5]
__iar_copy_init3         0x800'10b9   0x2c  Code  Gb  copy_init3.o [4]
__iar_data_init3         0x800'10e5   0x28  Code  Gb  data_init.o [4]
__iar_init_vfp           0x800'110d         Code  Gb  fpinit_M.o [3]
__iar_program_start      0x800'11ed         Code  Gb  cstartup_M.o [4]
__iar_small_uldivmod     0x800'0c91         Code  Gb  I64DivMod_small.o [4]
__iar_zero_init3         0x800'070f   0x3a  Code  Gb  zero_init3.o [4]
__low_level_init         0x800'1173    0x4  Code  Gb  low_level_init.o [2]
__vector_table           0x800'0000         Data  Gb  startup_stm32f429xx.o [1]
_call_main               0x800'1161         Code  Gb  cmain.o [4]
_exit                    0x800'117d         Code  Gb  cexit.o [4]
_main                    0x800'116f         Code  Gb  cmain.o [4]
exit                     0x800'1177    0x4  Code  Gb  exit.o [2]
htim6                   0x2000'013c   0x3c  Data  Gb  stm32f4xx_hal_timebase_TIM.o [1]
main                     0x800'0749    0xc  Code  Gb  main.o [1]
osSystickHandler         0x800'11b9   0x14  Code  Gb  cmsis_os.o [1]
prvResetNextTaskUnblockTime
                         0x800'0eb9   0x1c  Code  Lc  tasks.o [1]
pxCurrentTCB            0x2000'0038    0x4  Data  Gb  tasks.o [1]
pxDelayedTaskList       0x2000'003c    0x4  Data  Lc  tasks.o [1]
pxOverflowDelayedTaskList
                        0x2000'0040    0x4  Data  Lc  tasks.o [1]
pxReadyTasksLists       0x2000'00b0   0x8c  Data  Lc  tasks.o [1]
uwTick                  0x2000'0004    0x4  Data  Gb  stm32f4xx_hal.o [1]
uwTickFreq              0x2000'0000    0x1  Data  Gb  stm32f4xx_hal.o [1]
uwTickPrio              0x2000'0008    0x4  Data  Gb  stm32f4xx_hal.o [1]
uxCurrentNumberOfTasks  0x2000'005c    0x4  Data  Lc  tasks.o [1]
uxDeletedTasksWaitingCleanUp
                        0x2000'0044    0x4  Data  Lc  tasks.o [1]
uxListRemove             0x800'0f1b   0x24  Code  Gb  list.o [1]
uxPendedTicks           0x2000'006c    0x4  Data  Lc  tasks.o [1]
uxSchedulerSuspended    0x2000'0080    0x4  Data  Lc  tasks.o [1]
uxTaskNumber            0x2000'0078    0x4  Data  Lc  tasks.o [1]
uxTopReadyPriority      0x2000'0064    0x4  Data  Lc  tasks.o [1]
vListInsertEnd           0x800'0f01   0x1a  Code  Gb  list.o [1]
vPortEnableVFP           0x800'0fcd         Code  Gb  portasm.o [1]
vPortStartFirstTask      0x800'0fb5         Code  Gb  portasm.o [1]
vTaskSwitchContext       0x800'0e5b   0x52  Code  Gb  tasks.o [1]
xDelayedTaskList1       0x2000'0084   0x14  Data  Lc  tasks.o [1]
xDelayedTaskList2       0x2000'0098   0x14  Data  Lc  tasks.o [1]
xIdleTaskHandle         0x2000'00ac    0x4  Data  Lc  tasks.o [1]
xNextTaskUnblockTime    0x2000'007c    0x4  Data  Lc  tasks.o [1]
xNumOfOverflows         0x2000'0074    0x4  Data  Lc  tasks.o [1]
xPendingReadyList       0x2000'0010   0x14  Data  Lc  tasks.o [1]
xPortSysTickHandler      0x800'1089   0x1e  Code  Gb  port.o [1]
xSchedulerRunning       0x2000'0068    0x4  Data  Lc  tasks.o [1]
xSuspendedTaskList      0x2000'0048   0x14  Data  Lc  tasks.o [1]
xTaskGetSchedulerState   0x800'0ed5   0x18  Code  Gb  tasks.o [1]
xTaskIncrementTick       0x800'0d9d   0xbe  Code  Gb  tasks.o [1]
xTasksWaitingTermination
                        0x2000'0024   0x14  Data  Lc  tasks.o [1]
xTickCount              0x2000'0060    0x4  Data  Lc  tasks.o [1]
xYieldPending           0x2000'0070    0x4  Data  Lc  tasks.o [1]


[1] = Z:\Vmware_share\EUROBOT 2020\BLACK_R\EWARM\BLACK_R\Obj
[2] = dl7M_tlf.a
[3] = m7M_tls.a
[4] = rt7M_tl.a
[5] = shb_l.a

  4 838 bytes of readonly  code memory
    126 bytes of readonly  data memory
  1 400 bytes of readwrite data memory

Errors: none
Warnings: none
